id	transcript	gene_id	gene_name	chrom	offset	freq	nvar	nsomatic	nvariant_sites	nsomvariant_sites	strand	somatic_positions	somatic_aa_change	germline_positions	germline_aa_change	normal_sequence	mutant_sequence
7d13051bf18eafaF	ENST00000340368	ENSG00000186480	INSIG1	chr7	155302747	0.6363636363636364	1	1	1	1	Forward	155302754	p.Ser238Phe			TATACATCCCCAGATTTCCTCTATATT	TATACATtCCCAGATTTCCTCTATATT
1de0847cb46470fF	ENST00000340368	ENSG00000186480	INSIG1	chr7	155302400	0.6363636363636364	1	1	1	1	Forward	155302754	p.Ser238Phe			TTTCTCGTGTATAATGGTGTCTATCA	TTTCTCGTGTATAATGGTGTCTATCA
7e1436f9b762534F	ENST00000340368	ENSG00000186480	INSIG1	chr7	155302403	0.6363636363636364	1	1	1	1	Forward	155302754	p.Ser238Phe			TTTCTCGTGTATAATGGTGTCTATCA	TTTCTCGTGTATAATGGTGTCTATCA
67c74a8fdcf576dF	ENST00000340368	ENSG00000186480	INSIG1	chr7	155302406	0.6363636363636364	1	1	1	1	Forward	155302754	p.Ser238Phe			TTTCTCGTGTATAATGGTGTCTATCA	TTTCTCGTGTATAATGGTGTCTATCA
74a69843f2ddbc2F	ENST00000340368	ENSG00000186480	INSIG1	chr7	155302409	0.6363636363636364	1	1	1	1	Forward	155302754	p.Ser238Phe			TTTCTCGTGTATAATGGTGTCTATCA	TTTCTCGTGTATAATGGTGTCTATCA
b4e7467944eef77F	ENST00000340368	ENSG00000186480	INSIG1	chr7	155302412	0.6363636363636364	1	1	1	1	Forward	155302754	p.Ser238Phe			TTTCTCGTGTATAATGGTGTCTATCA	TTTCTCGTGTATAATGGTGTCTATCA
79a8bfe1702171fF	ENST00000340368	ENSG00000186480	INSIG1	chr7	155302415	0.6363636363636364	1	1	1	1	Forward	155302754	p.Ser238Phe			TTTCTCGTGTATAATGGTGTCTATCA	TTTCTCGTGTATAATGGTGTCTATCA
12f7bb5c80b6b97F	ENST00000340368	ENSG00000186480	INSIG1	chr7	155302750	0.6944444444444444	1	1	1	1	Forward	155302754	p.Ser238Phe			ACATCCCCAGATTTCCTCTATATTCGT	ACATtCCCAGATTTCCTCTATATTCGT
bcbedf057fed989F	ENST00000340368	ENSG00000186480	INSIG1	chr7	155302753	0.7073170731707317	1	1	1	1	Forward	155302754	p.Ser238Phe			TCCCCAGATTTCCTCTATATTCGTTCT	TtCCCAGATTTCCTCTATATTCGTTCT
